ERROR 2026-04-09 12:28:45,035 log Internal Server Error: /
Traceback (most recent call last):
  File "D:\Projects\Development\ace-the-entrance\.venv\Lib\site-packages\django\template\base.py", line 577, in parse
    compile_func = self.tags[command]
                   ~~~~~~~~~^^^^^^^^^
KeyError: 'endblock'

During handling of the above exception, another exception occurred:

Traceback (most recent call last):
  File "D:\Projects\Development\ace-the-entrance\.venv\Lib\site-packages\django\core\handlers\exception.py", line 55, in inner
    response = get_response(request)
               ^^^^^^^^^^^^^^^^^^^^^
  File "D:\Projects\Development\ace-the-entrance\.venv\Lib\site-packages\django\core\handlers\base.py", line 221, in _get_response
    response = response.render()
               ^^^^^^^^^^^^^^^^^
  File "D:\Projects\Development\ace-the-entrance\.venv\Lib\site-packages\django\template\response.py", line 114, in render
    self.content = self.rendered_content
                   ^^^^^^^^^^^^^^^^^^^^^
  File "D:\Projects\Development\ace-the-entrance\.venv\Lib\site-packages\django\template\response.py", line 92, in rendered_content
    return template.render(context, self._request)
           ^^^^^^^^^^^^^^^^^^^^^^^^^^^^^^^^^^^^^^^
  File "D:\Projects\Development\ace-the-entrance\.venv\Lib\site-packages\django\template\backends\django.py", line 107, in render
    return self.template.render(context)
           ^^^^^^^^^^^^^^^^^^^^^^^^^^^^^
  File "D:\Projects\Development\ace-the-entrance\.venv\Lib\site-packages\django\template\base.py", line 174, in render
    return self._render(context)
           ^^^^^^^^^^^^^^^^^^^^^
  File "D:\Projects\Development\ace-the-entrance\.venv\Lib\site-packages\django\template\base.py", line 166, in _render
    return self.nodelist.render(context)
           ^^^^^^^^^^^^^^^^^^^^^^^^^^^^^
  File "D:\Projects\Development\ace-the-entrance\.venv\Lib\site-packages\django\template\base.py", line 1091, in render
    return SafeString("".join([node.render_annotated(context) for node in self]))
                               ^^^^^^^^^^^^^^^^^^^^^^^^^^^^^^
  File "D:\Projects\Development\ace-the-entrance\.venv\Lib\site-packages\django\template\base.py", line 1052, in render_annotated
    return self.render(context)
           ^^^^^^^^^^^^^^^^^^^^
  File "D:\Projects\Development\ace-the-entrance\.venv\Lib\site-packages\django\template\loader_tags.py", line 160, in render
    return compiled_parent._render(context)
           ^^^^^^^^^^^^^^^^^^^^^^^^^^^^^^^^
  File "D:\Projects\Development\ace-the-entrance\.venv\Lib\site-packages\django\template\base.py", line 166, in _render
    return self.nodelist.render(context)
           ^^^^^^^^^^^^^^^^^^^^^^^^^^^^^
  File "D:\Projects\Development\ace-the-entrance\.venv\Lib\site-packages\django\template\base.py", line 1091, in render
    return SafeString("".join([node.render_annotated(context) for node in self]))
                               ^^^^^^^^^^^^^^^^^^^^^^^^^^^^^^
  File "D:\Projects\Development\ace-the-entrance\.venv\Lib\site-packages\django\template\base.py", line 1052, in render_annotated
    return self.render(context)
           ^^^^^^^^^^^^^^^^^^^^
  File "D:\Projects\Development\ace-the-entrance\.venv\Lib\site-packages\django\template\loader_tags.py", line 160, in render
    return compiled_parent._render(context)
           ^^^^^^^^^^^^^^^^^^^^^^^^^^^^^^^^
  File "D:\Projects\Development\ace-the-entrance\.venv\Lib\site-packages\django\template\base.py", line 166, in _render
    return self.nodelist.render(context)
           ^^^^^^^^^^^^^^^^^^^^^^^^^^^^^
  File "D:\Projects\Development\ace-the-entrance\.venv\Lib\site-packages\django\template\base.py", line 1091, in render
    return SafeString("".join([node.render_annotated(context) for node in self]))
                               ^^^^^^^^^^^^^^^^^^^^^^^^^^^^^^
  File "D:\Projects\Development\ace-the-entrance\.venv\Lib\site-packages\django\template\base.py", line 1052, in render_annotated
    return self.render(context)
           ^^^^^^^^^^^^^^^^^^^^
  File "D:\Projects\Development\ace-the-entrance\.venv\Lib\site-packages\django\template\loader_tags.py", line 135, in render
    compiled_parent = self.get_parent(context)
                      ^^^^^^^^^^^^^^^^^^^^^^^^
  File "D:\Projects\Development\ace-the-entrance\.venv\Lib\site-packages\django\template\loader_tags.py", line 132, in get_parent
    return self.find_template(parent, context)
           ^^^^^^^^^^^^^^^^^^^^^^^^^^^^^^^^^^^
  File "D:\Projects\Development\ace-the-entrance\.venv\Lib\site-packages\django\template\loader_tags.py", line 110, in find_template
    template, origin = context.template.engine.find_template(
                       ^^^^^^^^^^^^^^^^^^^^^^^^^^^^^^^^^^^^^^
  File "D:\Projects\Development\ace-the-entrance\.venv\Lib\site-packages\django\template\engine.py", line 159, in find_template
    template = loader.get_template(name, skip=skip)
               ^^^^^^^^^^^^^^^^^^^^^^^^^^^^^^^^^^^^
  File "D:\Projects\Development\ace-the-entrance\.venv\Lib\site-packages\django\template\loaders\cached.py", line 57, in get_template
    template = super().get_template(template_name, skip)
               ^^^^^^^^^^^^^^^^^^^^^^^^^^^^^^^^^^^^^^^^^
  File "D:\Projects\Development\ace-the-entrance\.venv\Lib\site-packages\django\template\loaders\base.py", line 28, in get_template
    return Template(
           ^^^^^^^^^
  File "D:\Projects\Development\ace-the-entrance\.venv\Lib\site-packages\django\template\base.py", line 157, in __init__
    self.nodelist = self.compile_nodelist()
                    ^^^^^^^^^^^^^^^^^^^^^^^
  File "D:\Projects\Development\ace-the-entrance\.venv\Lib\site-packages\django\template\base.py", line 199, in compile_nodelist
    nodelist = parser.parse()
               ^^^^^^^^^^^^^^
  File "D:\Projects\Development\ace-the-entrance\.venv\Lib\site-packages\django\template\base.py", line 579, in parse
    self.invalid_block_tag(token, command, parse_until)
  File "D:\Projects\Development\ace-the-entrance\.venv\Lib\site-packages\django\template\base.py", line 644, in invalid_block_tag
    raise self.error(
django.template.exceptions.TemplateSyntaxError: Template: D:\Projects\Development\ace-the-entrance\ace-the-entrance\home\templates\base_template.html, Invalid block tag on line 192: 'endblock'. Did you forget to register or load this tag?
ERROR 2026-04-09 12:28:45,042 log "GET / HTTP/1.1" 500 241675
WARNING 2026-04-09 12:28:45,451 log Not Found: /favicon.ico
WARNING 2026-04-09 12:28:45,451 log "GET /favicon.ico HTTP/1.1" 404 5285
WARNING 2026-04-09 14:59:55,426 log Not Found: /media/sxcmodelset/picture1.png
WARNING 2026-04-09 14:59:55,428 log "GET /media/sxcmodelset/picture1.png HTTP/1.1" 404 5580
WARNING 2026-04-09 15:00:03,795 log Not Found: /media/sxcmodelset/picture2.png
WARNING 2026-04-09 15:00:03,799 log "GET /media/sxcmodelset/picture2.png HTTP/1.1" 404 5580
WARNING 2026-04-09 15:00:35,259 log Not Found: /media/sxcmodelset/picture3.png
WARNING 2026-04-09 15:00:35,261 log "GET /media/sxcmodelset/picture3.png HTTP/1.1" 404 5580
